<area shape="rect" href="wafo/graph.html" title="wafo" alt="" coords="2062,967,2134,1015">
<area shape="rect" href="wafo/cycles/graph.html" title="cycles" alt="" coords="917,295,997,343">
<area shape="rect" href="wafo/damage/graph.html" title="damage" alt="" coords="1649,199,1739,247">
<area shape="rect" href="wafo/kdetools/graph.html" title="kdetools" alt="" coords="1814,487,1913,535">
<area shape="rect" href="wafo/misc/graph.html" title="misc" alt="" coords="1491,583,1563,631">
<area shape="rect" href="wafo/onedim/graph.html" title="onedim" alt="" coords="1121,679,1209,727">
<area shape="rect" href="wafo/wstats/graph.html" title="wstats" alt="" coords="1299,391,1382,439">
<area shape="rect" href="wafo/spec/graph.html" title="spec" alt="" coords="1469,967,1541,1015">
<area shape="rect" href="wafo/trgauss/graph.html" title="trgauss" alt="" coords="1694,775,1782,823">
<area shape="rect" href="wafo/wsim/graph.html" title="wsim" alt="" coords="870,871,945,919">
<area shape="rect" href="wafo/onedim/private/graph.html" title="onedim/private" alt="" coords="1097,775,1241,823">
<area shape="rect" href="wafo/cycles/test/graph.html" title="test" alt="" coords="743,199,815,247">
<area shape="rect" href="wafo/markov/graph.html" title="markov" alt="" coords="398,967,489,1015">
<area shape="rect" href="wafo/multidim/graph.html" title="multidim" alt="" coords="1530,1063,1631,1111">
<area shape="rect" href="wafo/spec/private/graph.html" title="spec/private" alt="" coords="1330,1063,1455,1111">
<area shape="rect" href="wafo/wsim/private/graph.html" title="wsim/private" alt="" coords="694,967,825,1015">
<area shape="rect" href="wafo/docs/graph.html" title="docs" alt="" coords="2011,487,2083,535">
<area shape="rect" href="wafo/trgauss/private/graph.html" title="trgauss/private" alt="" coords="1593,871,1737,919">
<area shape="rect" href="wafo/markov/test/graph.html" title="test" alt="" coords="647,199,719,247">
<area shape="rect" href="wafo/multidim/private/graph.html" title="multidim/private" alt="" coords="1414,1159,1571,1207">
<area shape="rect" href="wafo/papers/graph.html" title="papers" alt="" coords="1401,487,1486,535">
<area shape="rect" href="wafo/papers/rec/graph.html" title="rec" alt="" coords="1835,295,1907,343">
<area shape="rect" href="wafo/papers/tutorcom/graph.html" title="tutorcom" alt="" coords="1561,103,1662,151">
<area shape="rect" href="wafo/data/graph.html" title="data" alt="" coords="1289,199,1361,247">
<area shape="rect" href="wafo/wavemodels/graph.html" title="wavemodels" alt="" coords="2006,295,2134,343">
<area shape="rect" href="wafo/papers/wafodemo/graph.html" title="wafodemo" alt="" coords="1435,199,1550,247">
<area shape="rect" href="wafo/wdemos/graph.html" title="wdemos" alt="" coords="1075,103,1174,151">
<area shape="rect" href="wafo/wdemos/rfcdemo1/graph.html" title="rfcdemo1" alt="" coords="1197,295,1303,343">
<area shape="rect" href="wafo/wdemos/itmkurs/graph.html" title="itmkurs" alt="" coords="1142,7,1233,55">
<area shape="rect" href="wafo/exec/graph.html" title="exec" alt="" coords="1281,7,1353,55">
