<area shape="rect" href="../../../wafo/graph.html" title="wafo" alt="" coords="16,383,55,409">
<area shape="rect" href="../../../wafo/cycles/graph.html" title="cycles" alt="" coords="73,383,117,409">
<area shape="rect" href="../../../wafo/markov/graph.html" title="markov" alt="" coords="135,383,184,409">
<area shape="rect" href="../../../wafo/misc/graph.html" title="misc" alt="" coords="202,383,241,409">
<area shape="rect" href="../../../wafo/onedim/graph.html" title="onedim" alt="" coords="259,383,307,409">
<area shape="rect" href="../../../wafo/spec/graph.html" title="spec" alt="" coords="325,383,364,409">
<area shape="rect" href="../../../wafo/wsim/graph.html" title="wsim" alt="" coords="382,383,423,409">
<area shape="rect" href="../../../wafo/wstats/graph.html" title="wstats" alt="" coords="441,383,486,409">
<area shape="rect" href="test_cycles.html" title="test_cycles" alt="" coords="220,166,285,192">
<area shape="rect" href="../../../wafo/graph.html" alt="" coords="10,293,61,474">
<area shape="rect" href="../../../wafo/cycles/graph.html" alt="" coords="67,293,123,474">
<area shape="rect" href="../../../wafo/markov/graph.html" alt="" coords="129,293,190,474">
<area shape="rect" href="../../../wafo/misc/graph.html" alt="" coords="196,293,247,474">
<area shape="rect" href="../../../wafo/onedim/graph.html" alt="" coords="253,293,313,474">
<area shape="rect" href="../../../wafo/spec/graph.html" alt="" coords="319,293,370,474">
<area shape="rect" href="../../../wafo/wsim/graph.html" alt="" coords="376,293,429,474">
<area shape="rect" href="../../../wafo/wstats/graph.html" alt="" coords="435,293,492,474">
<area shape="rect" href="index.html" title="test" alt="" coords="214,28,291,258">
