<area shape="rect" href="../../../wafo/graph.html" title="wafo" alt="" coords="1126,596,1166,622">
<area shape="rect" href="../../../wafo/misc/graph.html" title="misc" alt="" coords="1009,596,1050,622">
<area shape="rect" href="../../../wafo/spec/graph.html" title="spec" alt="" coords="1067,596,1108,622">
<area shape="rect" href="../../../wafo/trgauss/graph.html" title="trgauss" alt="" coords="446,120,495,147">
<area shape="rect" href="ewwdir.html" title="ewwdir" alt="" coords="445,376,496,403">
<area shape="rect" href="hermitefun.html" title="hermitefun" alt="" coords="368,376,432,403">
<area shape="rect" href="kchitwo.html" title="kchitwo" alt="" coords="247,376,301,403">
<area shape="rect" href="mexGenzMvnPrb.html" title="mexGenzMvnPrb" alt="" coords="141,376,234,403">
<area shape="rect" href="mexmvnprb.html" title="mexmvnprb" alt="" coords="853,376,922,403">
<area shape="rect" href="mexmvnprb2.html" title="mexmvnprb2" alt="" coords="765,376,840,403">
<area shape="rect" href="mindist.html" title="mindist" alt="" coords="58,596,109,622">
<area shape="rect" href="mvnprodcorrprbmex.html" title="mvnprodcorrprbmex" alt="" coords="648,376,752,403">
<area shape="rect" href="ochifun.html" title="ochifun" alt="" coords="584,376,634,403">
<area shape="rect" href="rqlf_asympt.html" title="rqlf_asympt" alt="" coords="58,376,128,403">
<area shape="rect" href="wminmax.html" title="wminmax" alt="" coords="509,376,570,403">
<area shape="rect" href="Contents.html" title="Contents" alt="" coords="935,376,992,403">
<area shape="rect" href="holmberg1.html" title="holmberg1" alt="" coords="137,596,201,622">
<area shape="rect" href="holmberg2.html" title="holmberg2" alt="" coords="292,596,356,622">
<area shape="rect" href="holmquist1.html" title="holmquist1" alt="" coords="211,816,276,843">
<area shape="rect" href="holmquist2.html" title="holmquist2" alt="" coords="291,816,356,843">
<area shape="rect" href="holmberg3.html" title="holmberg3" alt="" coords="214,596,278,622">
<area shape="rect" href="holmquist3.html" title="holmquist3" alt="" coords="129,816,194,843">
<area shape="rect" href="mindist3.html" title="mindist3" alt="" coords="58,816,113,843">
<area shape="rect" href="rfadd.html" title="rfadd" alt="" coords="65,1036,106,1062">
<area shape="rect" href="nt2fr.html" title="nt2fr" alt="" coords="314,376,354,403">
<area shape="rect" href="writecov.html" title="writecov" alt="" coords="511,596,568,622">
<area shape="rect" href="../../../wafo/graph.html" alt="" coords="1120,505,1172,689">
<area shape="rect" href="../../../wafo/misc/graph.html" alt="" coords="1003,505,1056,689">
<area shape="rect" href="../../../wafo/spec/graph.html" alt="" coords="1062,505,1114,689">
<area shape="rect" href="../../../wafo/trgauss/graph.html" alt="" coords="440,29,501,212">
<area shape="rect" href="index.html" title="trgauss/private" alt="" coords="52,237,997,1128">
