<area shape="rect" href="../../wafo/graph.html" title="wafo" alt="" coords="153,665,179,682">
<area shape="rect" href="../../wafo/misc/graph.html" title="misc" alt="" coords="239,665,264,682">
<area shape="rect" href="aboutwafo.html" title="aboutwafo" alt="" coords="794,294,833,310">
<area shape="rect" href="addfeatr.html" title="addfeatr" alt="" coords="744,294,777,310">
<area shape="rect" href="ampdef.html" title="ampdef" alt="" coords="695,294,727,310">
<area shape="rect" href="bugreport.html" title="bugreport" alt="" coords="641,294,679,310">
<area shape="rect" href="Contents.html" title="Contents" alt="" coords="597,294,633,310">
<area shape="rect" href="crossdef.html" title="crossdef" alt="" coords="547,294,581,310">
<area shape="rect" href="datastructures.html" title="datastructures" alt="" coords="482,294,530,310">
<area shape="rect" href="getstart.html" title="getstart" alt="" coords="434,294,465,310">
<area shape="rect" href="install.html" title="install" alt="" coords="390,294,418,310">
<area shape="rect" href="limitations.html" title="limitations" alt="" coords="334,294,373,310">
<area shape="rect" href="perioddef.html" title="perioddef" alt="" coords="280,294,317,310">
<area shape="rect" href="startup.html" title="startup" alt="" coords="151,294,181,310">
<area shape="rect" href="tpdef.html" title="tpdef" alt="" coords="189,294,215,310">
<area shape="rect" href="wafohelp.html" title="wafohelp" alt="" coords="106,294,143,310">
<area shape="rect" href="wafomenu.html" title="wafomenu" alt="" coords="232,294,271,310">
<area shape="rect" href="wafoweb.html" title="wafoweb" alt="" coords="62,294,98,310">
<area shape="rect" href="wavedef.html" title="wavedef" alt="" coords="10,294,45,310">
<area shape="rect" href="../../wafo/graph.html" alt="" coords="150,498,182,807">
<area shape="rect" href="../../wafo/misc/graph.html" alt="" coords="235,498,268,807">
<area shape="rect" href="index.html" title="docs" alt="" coords="7,44,845,436">
