<area shape="rect" href="../../wafo/kdetools/graph.html" title="kdetools" alt="" coords="41,2176,93,2202">
<area shape="rect" href="../../wafo/misc/graph.html" title="misc" alt="" coords="2960,2176,2998,2202">
<area shape="rect" href="../../wafo/papers/tutorcom/graph.html" title="tutorcom" alt="" coords="2824,331,2877,356">
<area shape="rect" href="cav76pdf.html" title="cav76pdf" alt="" coords="2823,1011,2878,1036">
<area shape="rect" href="lh83pdf.html" title="lh83pdf" alt="" coords="2763,1011,2811,1036">
<area shape="rect" href="trraylpdf.html" title="trraylpdf" alt="" coords="2891,1011,2943,1036">
<area shape="rect" href="../../wafo/spec/graph.html" title="spec" alt="" coords="1696,2759,1734,2784">
<area shape="rect" href="../../wafo/trgauss/graph.html" title="trgauss" alt="" coords="3014,2176,3061,2202">
<area shape="rect" href="../../wafo/wstats/graph.html" title="wstats" alt="" coords="132,2176,175,2202">
<area shape="rect" href="b04cdf.html" title="b04cdf" alt="" coords="1953,1011,2000,1036">
<area shape="rect" href="b04pdf.html" title="b04pdf" alt="" coords="877,1594,924,1619">
<area shape="rect" href="b04jcdf.html" title="b04jcdf" alt="" coords="2209,1011,2258,1036">
<area shape="rect" href="b04jpdf.html" title="b04jpdf" alt="" coords="1073,1594,1122,1619">
<area shape="rect" href="b04jpdf2.html" title="b04jpdf2" alt="" coords="1248,1011,1303,1036">
<area shape="rect" href="b04pdf2.html" title="b04pdf2" alt="" coords="1037,1011,1089,1036">
<area shape="rect" href="bmr00cdf.html" title="bmr00cdf" alt="" coords="2078,1011,2135,1036">
<area shape="rect" href="bmr00pdf.html" title="bmr00pdf" alt="" coords="1003,1594,1060,1619">
<area shape="rect" href="bmr00pdf2.html" title="bmr00pdf2" alt="" coords="1173,1011,1235,1036">
<area shape="rect" href="braylcdf.html" title="braylcdf" alt="" coords="717,1011,767,1036">
<area shape="rect" href="braylfit.html" title="braylfit" alt="" coords="780,1011,826,1036">
<area shape="rect" href="braylpdf.html" title="braylpdf" alt="" coords="839,1011,891,1036">
<area shape="rect" href="Contents.html" title="Contents" alt="" coords="2271,1011,2324,1036">
<area shape="rect" href="jhnlwparfun.html" title="jhnlwparfun" alt="" coords="1720,2176,1786,2202">
<area shape="rect" href="jhscdf.html" title="jhscdf" alt="" coords="1315,1011,1359,1036">
<area shape="rect" href="jhspdf.html" title="jhspdf" alt="" coords="1486,1594,1530,1619">
<area shape="rect" href="jhsnlcdf.html" title="jhsnlcdf" alt="" coords="1371,1011,1422,1036">
<area shape="rect" href="jhsnlpdf.html" title="jhsnlpdf" alt="" coords="1542,1594,1593,1619">
<area shape="rect" href="jhsnlpdf2.html" title="jhsnlpdf2" alt="" coords="315,1011,371,1036">
<area shape="rect" href="jhwparfun.html" title="jhwparfun" alt="" coords="1648,2176,1707,2202">
<area shape="rect" href="jhspdf2.html" title="jhspdf2" alt="" coords="192,1011,242,1036">
<area shape="rect" href="jhvcdf.html" title="jhvcdf" alt="" coords="1702,1011,1745,1036">
<area shape="rect" href="jhvpdf.html" title="jhvpdf" alt="" coords="1794,1594,1839,1619">
<area shape="rect" href="jhvnlcdf.html" title="jhvnlcdf" alt="" coords="1758,1011,1810,1036">
<area shape="rect" href="jhvnlpdf.html" title="jhvnlpdf" alt="" coords="1851,1594,1903,1619">
<area shape="rect" href="jhvnlpdf2.html" title="jhvnlpdf2" alt="" coords="577,1011,634,1036">
<area shape="rect" href="jhvpdf2.html" title="jhvpdf2" alt="" coords="450,1011,499,1036">
<area shape="rect" href="ltwcpdf.html" title="ltwcpdf" alt="" coords="254,1011,302,1036">
<area shape="rect" href="mk87cdf.html" title="mk87cdf" alt="" coords="2012,1011,2066,1036">
<area shape="rect" href="mk87pdf.html" title="mk87pdf" alt="" coords="936,1594,990,1619">
<area shape="rect" href="mk87pdf2.html" title="mk87pdf2" alt="" coords="1102,1011,1161,1036">
<area shape="rect" href="mk87rnd.html" title="mk87rnd" alt="" coords="383,1011,437,1036">
<area shape="rect" href="ochi98cdf.html" title="ochi98cdf" alt="" coords="967,1011,1024,1036">
<area shape="rect" href="ochi98fit.html" title="ochi98fit" alt="" coords="511,1011,565,1036">
<area shape="rect" href="ochi98pdf.html" title="ochi98pdf" alt="" coords="646,1011,704,1036">
<area shape="rect" href="ohhcdf.html" title="ohhcdf" alt="" coords="1192,1594,1237,1619">
<area shape="rect" href="ohhgparfun.html" title="ohhgparfun" alt="" coords="1574,2176,1636,2202">
<area shape="rect" href="ohhpdf.html" title="ohhpdf" alt="" coords="1135,1594,1180,1619">
<area shape="rect" href="ohhscdf.html" title="ohhscdf" alt="" coords="2337,1011,2386,1036">
<area shape="rect" href="ohhspdf.html" title="ohhspdf" alt="" coords="1605,1594,1655,1619">
<area shape="rect" href="ohhspdf2.html" title="ohhspdf2" alt="" coords="1567,1011,1622,1036">
<area shape="rect" href="ohhsscdf.html" title="ohhsscdf" alt="" coords="2462,1011,2515,1036">
<area shape="rect" href="ohhsspdf.html" title="ohhsspdf" alt="" coords="1930,1594,1984,1619">
<area shape="rect" href="ohhsspdf2.html" title="ohhsspdf2" alt="" coords="1823,1011,1880,1036">
<area shape="rect" href="ohhvpdf.html" title="ohhvpdf" alt="" coords="1667,1594,1718,1619">
<area shape="rect" href="Readme.html" title="Readme" alt="" coords="903,1011,954,1036">
<area shape="rect" href="tay81cdf.html" title="tay81cdf" alt="" coords="1435,1011,1488,1036">
<area shape="rect" href="tay81pdf.html" title="tay81pdf" alt="" coords="1354,1594,1407,1619">
<area shape="rect" href="tay81fun.html" title="tay81fun" alt="" coords="1354,2176,1407,2202">
<area shape="rect" href="tay90cdf.html" title="tay90cdf" alt="" coords="1501,1011,1554,1036">
<area shape="rect" href="tay90pdf.html" title="tay90pdf" alt="" coords="1420,1594,1473,1619">
<area shape="rect" href="tay90fun.html" title="tay90fun" alt="" coords="1420,2176,1473,2202">
<area shape="rect" href="thcdf.html" title="thcdf" alt="" coords="1250,1594,1289,1619">
<area shape="rect" href="thgparfun.html" title="thgparfun" alt="" coords="1263,2176,1319,2202">
<area shape="rect" href="thwparfun.html" title="thwparfun" alt="" coords="1799,2176,1858,2202">
<area shape="rect" href="thpdf.html" title="thpdf" alt="" coords="1302,1594,1341,1619">
<area shape="rect" href="thscdf.html" title="thscdf" alt="" coords="2593,1011,2635,1036">
<area shape="rect" href="thspdf.html" title="thspdf" alt="" coords="1996,1594,2040,1619">
<area shape="rect" href="thsnlcdf.html" title="thsnlcdf" alt="" coords="2399,1011,2449,1036">
<area shape="rect" href="thsnlpdf.html" title="thsnlpdf" alt="" coords="1731,1594,1781,1619">
<area shape="rect" href="thsnlpdf2.html" title="thsnlpdf2" alt="" coords="1634,1011,1689,1036">
<area shape="rect" href="thspdf2.html" title="thspdf2" alt="" coords="1893,1011,1941,1036">
<area shape="rect" href="thsscdf.html" title="thsscdf" alt="" coords="2704,1011,2750,1036">
<area shape="rect" href="thsspdf.html" title="thsspdf" alt="" coords="2109,1594,2155,1619">
<area shape="rect" href="thsspdf2.html" title="thsspdf2" alt="" coords="2528,1011,2580,1036">
<area shape="rect" href="thvcdf.html" title="thvcdf" alt="" coords="2648,1011,2691,1036">
<area shape="rect" href="thvpdf.html" title="thvpdf" alt="" coords="2052,1594,2096,1619">
<area shape="rect" href="thvpdf2.html" title="thvpdf2" alt="" coords="2147,1011,2196,1036">
<area shape="rect" href="../../wafo/kdetools/graph.html" alt="" coords="35,1913,98,2399">
<area shape="rect" href="../../wafo/misc/graph.html" alt="" coords="2954,1913,3003,2399">
<area shape="rect" href="../../wafo/papers/tutorcom/graph.html" alt="" coords="2818,69,2883,554">
<area shape="rect" href="../../wafo/spec/graph.html" alt="" coords="1690,2497,1740,2982">
<area shape="rect" href="../../wafo/trgauss/graph.html" alt="" coords="3009,1913,3066,2399">
<area shape="rect" href="../../wafo/wstats/graph.html" alt="" coords="126,1913,181,2399">
<area shape="rect" href="index.html" title="wavemodels" alt="" coords="187,619,2948,2399">
