<area shape="rect" href="../../wafo/cycles/graph.html" title="cycles" alt="" coords="492,1034,550,1068">
<area shape="rect" href="lcplot.html" title="lcplot" alt="" coords="585,1314,641,1348">
<area shape="rect" href="../../wafo/cycles/test/graph.html" title="test" alt="" coords="79,476,131,511">
<area shape="rect" href="dat2lc.html" title="dat2lc" alt="" coords="1045,755,1103,790">
<area shape="rect" href="dat2tp.html" title="dat2tp" alt="" coords="799,1034,857,1068">
<area shape="rect" href="../../wafo/misc/graph.html" title="misc" alt="" coords="416,1034,469,1068">
<area shape="rect" href="../../wafo/multidim/graph.html" title="multidim" alt="" coords="335,476,409,511">
<area shape="rect" href="detrendma.html" title="detrendma" alt="" coords="1121,755,1202,790">
<area shape="rect" href="../../wafo/onedim/private/graph.html" title="onedim/private" alt="" coords="1402,755,1507,790">
<area shape="rect" href="../../wafo/papers/rec/graph.html" title="rec" alt="" coords="674,150,726,185">
<area shape="rect" href="dat2spec.html" title="dat2spec" alt="" coords="1128,476,1202,511">
<area shape="rect" href="dat2steep.html" title="dat2steep" alt="" coords="677,755,752,790">
<area shape="rect" href="findoutliers.html" title="findoutliers" alt="" coords="658,476,742,511">
<area shape="rect" href="reconstruct.html" title="reconstruct" alt="" coords="930,476,1015,511">
<area shape="rect" href="waveplot.html" title="waveplot" alt="" coords="851,755,926,790">
<area shape="rect" href="../../wafo/papers/tutorcom/graph.html" title="tutorcom" alt="" coords="421,150,495,185">
<area shape="rect" href="covplot.html" title="covplot" alt="" coords="1172,1314,1237,1348">
<area shape="rect" href="dat2cov.html" title="dat2cov" alt="" coords="1219,755,1287,790">
<area shape="rect" href="dat2spec2.html" title="dat2spec2" alt="" coords="1032,476,1111,511">
<area shape="rect" href="dat2tc.html" title="dat2tc" alt="" coords="686,1034,743,1068">
<area shape="rect" href="dat2wa.html" title="dat2wa" alt="" coords="770,755,833,790">
<area shape="rect" href="ecross.html" title="ecross" alt="" coords="608,1034,668,1068">
<area shape="rect" href="spwaveplot.html" title="spwaveplot" alt="" coords="573,755,660,790">
<area shape="rect" href="../../wafo/papers/wafodemo/graph.html" title="wafodemo" alt="" coords="518,150,601,185">
<area shape="rect" href="../../wafo/spec/graph.html" title="spec" alt="" coords="1479,1314,1532,1348">
<area shape="rect" href="../../wafo/trgauss/graph.html" title="trgauss" alt="" coords="1316,755,1379,790">
<area shape="rect" href="findcross.html" title="findcross" alt="" coords="814,1592,887,1627">
<area shape="rect" href="mm2lc.html" title="mm2lc" alt="" coords="1043,1034,1105,1068">
<area shape="rect" href="../../wafo/wdemos/graph.html" title="wdemos" alt="" coords="1561,755,1632,790">
<area shape="rect" href="../../wafo/wdemos/itmkurs/graph.html" title="itmkurs" alt="" coords="1349,150,1415,185">
<area shape="rect" href="../../wafo/wsim/graph.html" title="wsim" alt="" coords="258,476,312,511">
<area shape="rect" href="../../wafo/wstats/graph.html" title="wstats" alt="" coords="1444,1592,1504,1627">
<area shape="rect" href="Contents.html" title="Contents" alt="" coords="1219,476,1292,511">
<area shape="rect" href="dat2cor.html" title="dat2cor" alt="" coords="1223,1034,1288,1068">
<area shape="rect" href="dat2crossind.html" title="dat2crossind" alt="" coords="670,1314,763,1348">
<area shape="rect" href="dat2midind.html" title="dat2midind" alt="" coords="943,755,1028,790">
<area shape="rect" href="findextrema.html" title="findextrema" alt="" coords="877,1314,965,1348">
<area shape="rect" href="findrfc.html" title="findrfc" alt="" coords="799,1314,859,1348">
<area shape="rect" href="hs2sign.html" title="hs2sign" alt="" coords="847,476,912,511">
<area shape="rect" href="Readme.html" title="Readme" alt="" coords="760,476,829,511">
<area shape="rect" href="vc2sign.html" title="vc2sign" alt="" coords="573,476,640,511">
<area shape="rect" href="../../wafo/cycles/graph.html" alt="" coords="484,920,557,1152">
<area shape="rect" href="../../wafo/cycles/test/graph.html" alt="" coords="71,361,139,594">
<area shape="rect" href="../../wafo/misc/graph.html" alt="" coords="409,920,476,1152">
<area shape="rect" href="../../wafo/multidim/graph.html" alt="" coords="328,361,416,594">
<area shape="rect" href="../../wafo/onedim/private/graph.html" alt="" coords="1395,641,1514,874">
<area shape="rect" href="../../wafo/papers/rec/graph.html" alt="" coords="666,36,734,269">
<area shape="rect" href="../../wafo/papers/tutorcom/graph.html" alt="" coords="414,36,502,269">
<area shape="rect" href="../../wafo/papers/wafodemo/graph.html" alt="" coords="510,36,608,269">
<area shape="rect" href="../../wafo/spec/graph.html" alt="" coords="1472,1199,1539,1431">
<area shape="rect" href="../../wafo/trgauss/graph.html" alt="" coords="1308,641,1387,874">
<area shape="rect" href="../../wafo/wdemos/graph.html" alt="" coords="1553,641,1640,874">
<area shape="rect" href="../../wafo/wdemos/itmkurs/graph.html" alt="" coords="1342,36,1423,269">
<area shape="rect" href="../../wafo/wsim/graph.html" alt="" coords="251,361,320,594">
<area shape="rect" href="../../wafo/wstats/graph.html" alt="" coords="1436,1477,1511,1710">
<area shape="rect" href="index.html" title="onedim" alt="" coords="565,300,1300,1710">
