<area shape="rect" href="../../../wafo/misc/graph.html" title="misc" alt="" coords="681,471,723,499">
<area shape="rect" href="../../../wafo/multidim/graph.html" title="multidim" alt="" coords="160,92,219,120">
<area shape="rect" href="bfsspec.html" title="bfsspec" alt="" coords="44,296,97,324">
<area shape="rect" href="emem.html" title="emem" alt="" coords="166,296,213,324">
<area shape="rect" href="getcrossspectra.html" title="getcrossspectra" alt="" coords="367,296,453,324">
<area shape="rect" href="hwestimate.html" title="hwestimate" alt="" coords="227,296,297,324">
<area shape="rect" href="imlm.html" title="imlm" alt="" coords="311,296,353,324">
<area shape="rect" href="mem.html" title="mem" alt="" coords="111,296,152,324">
<area shape="rect" href="mlm.html" title="mlm" alt="" coords="169,471,211,499">
<area shape="rect" href="../../../wafo/spec/graph.html" title="spec" alt="" coords="648,645,690,673">
<area shape="rect" href="../../../wafo/wstats/graph.html" title="wstats" alt="" coords="615,471,663,499">
<area shape="rect" href="Contents.html" title="Contents" alt="" coords="467,296,526,324">
<area shape="rect" href="normspfn.html" title="normspfn" alt="" coords="159,645,221,673">
<area shape="rect" href="memfun.html" title="memfun" alt="" coords="540,296,596,324">
<area shape="rect" href="../../../wafo/misc/graph.html" alt="" coords="675,402,729,548">
<area shape="rect" href="../../../wafo/multidim/graph.html" alt="" coords="154,24,225,169">
<area shape="rect" href="../../../wafo/spec/graph.html" alt="" coords="642,577,696,722">
<area shape="rect" href="../../../wafo/wstats/graph.html" alt="" coords="608,402,669,548">
<area shape="rect" href="index.html" title="multidim/private" alt="" coords="38,189,602,722">
