<area shape="rect" href="../../wafo/graph.html" title="wafo" alt="" coords="2013,1941,2061,1973">
<area shape="rect" href="../../wafo/cycles/graph.html" title="cycles" alt="" coords="1830,1941,1883,1973">
<area shape="rect" href="../../wafo/kdetools/graph.html" title="kdetools" alt="" coords="1830,1530,1896,1562">
<area shape="rect" href="createpdf.html" title="createpdf" alt="" coords="1536,1530,1605,1562">
<area shape="rect" href="pdfplot.html" title="pdfplot" alt="" coords="1360,1530,1419,1562">
<area shape="rect" href="tranproc.html" title="tranproc" alt="" coords="697,1941,763,1973">
<area shape="rect" href="../../wafo/misc/graph.html" title="misc" alt="" coords="1830,2352,1878,2384">
<area shape="rect" href="../../wafo/onedim/graph.html" title="onedim" alt="" coords="312,1119,371,1151">
<area shape="rect" href="dat2gaus.html" title="dat2gaus" alt="" coords="825,1530,892,1562">
<area shape="rect" href="dat2tr.html" title="dat2tr" alt="" coords="1233,1119,1284,1151">
<area shape="rect" href="gaus2dat.html" title="gaus2dat" alt="" coords="642,1530,710,1562">
<area shape="rect" href="trangood.html" title="trangood" alt="" coords="695,2352,763,2384">
<area shape="rect" href="troptset.html" title="troptset" alt="" coords="1074,1941,1134,1973">
<area shape="rect" href="../../wafo/papers/rec/graph.html" title="rec" alt="" coords="989,228,1037,260">
<area shape="rect" href="mctrtest.html" title="mctrtest" alt="" coords="981,708,1045,740">
<area shape="rect" href="trplot.html" title="trplot" alt="" coords="1008,1941,1058,1973">
<area shape="rect" href="../../wafo/papers/tutorcom/graph.html" title="tutorcom" alt="" coords="483,708,550,740">
<area shape="rect" href="hermitetr.html" title="hermitetr" alt="" coords="1451,1530,1520,1562">
<area shape="rect" href="rindoptset.html" title="rindoptset" alt="" coords="590,2352,663,2384">
<area shape="rect" href="spec2cmat.html" title="spec2cmat" alt="" coords="1318,1119,1392,1151">
<area shape="rect" href="spec2mmtpdf.html" title="spec2mmtpdf" alt="" coords="816,1119,905,1151">
<area shape="rect" href="spec2skew.html" title="spec2skew" alt="" coords="1180,1941,1257,1973">
<area shape="rect" href="spec2tccpdf.html" title="spec2tccpdf" alt="" coords="1135,1119,1217,1151">
<area shape="rect" href="spec2thpdf.html" title="spec2thpdf" alt="" coords="706,1119,782,1151">
<area shape="rect" href="spec2tpdf.html" title="spec2tpdf" alt="" coords="938,1119,1009,1151">
<area shape="rect" href="../../wafo/papers/wafodemo/graph.html" title="wafodemo" alt="" coords="385,708,461,740">
<area shape="rect" href="mctp2tc.html" title="mctp2tc" alt="" coords="1281,1530,1344,1562">
<area shape="rect" href="../../wafo/spec/graph.html" title="spec" alt="" coords="2350,1530,2398,1562">
<area shape="rect" href="../../wafo/trgauss/private/graph.html" title="trgauss/private" alt="" coords="2476,1941,2571,1973">
<area shape="rect" href="../../wafo/wavemodels/graph.html" title="wavemodels" alt="" coords="392,1119,477,1151">
<area shape="rect" href="../../wafo/wdemos/itmkurs/graph.html" title="itmkurs" alt="" coords="1830,708,1890,740">
<area shape="rect" href="iter.html" title="iter" alt="" coords="1500,1119,1548,1151">
<area shape="rect" href="../../wafo/wsim/graph.html" title="wsim" alt="" coords="1859,1119,1908,1151">
<area shape="rect" href="lc2tr.html" title="lc2tr" alt="" coords="1080,1530,1128,1562">
<area shape="rect" href="../../wafo/wstats/graph.html" title="wstats" alt="" coords="1905,1941,1960,1973">
<area shape="rect" href="bvnormcdf.html" title="bvnormcdf" alt="" coords="1408,1119,1484,1151">
<area shape="rect" href="bvnormprb.html" title="bvnormprb" alt="" coords="1061,708,1139,740">
<area shape="rect" href="cdf2tr.html" title="cdf2tr" alt="" coords="1144,1530,1197,1562">
<area shape="rect" href="chitwo2lc_sorm.html" title="chitwo2lc_sorm" alt="" coords="1708,708,1809,740">
<area shape="rect" href="chitwo2lc_sp.html" title="chitwo2lc_sp" alt="" coords="1564,1119,1653,1151">
<area shape="rect" href="Contents.html" title="Contents" alt="" coords="1527,708,1594,740">
<area shape="rect" href="ochitr.html" title="ochitr" alt="" coords="1621,1530,1672,1562">
<area shape="rect" href="dirsp2chitwo.html" title="dirsp2chitwo" alt="" coords="1424,708,1511,740">
<area shape="rect" href="initoptions.html" title="initoptions" alt="" coords="589,1941,664,1973">
<area shape="rect" href="mctp2rfc.html" title="mctp2rfc" alt="" coords="1688,1530,1756,1562">
<area shape="rect" href="iter_mc.html" title="iter_mc" alt="" coords="1155,708,1215,740">
<area shape="rect" href="mc2rfc.html" title="mc2rfc" alt="" coords="1750,1119,1809,1151">
<area shape="rect" href="lc2tr2.html" title="lc2tr2" alt="" coords="1213,1530,1265,1562">
<area shape="rect" href="lomaxcdf.html" title="lomaxcdf" alt="" coords="1231,708,1300,740">
<area shape="rect" href="mvnormpcprb.html" title="mvnormpcprb" alt="" coords="1316,708,1408,740">
<area shape="rect" href="mvnormprb.html" title="mvnormprb" alt="" coords="1610,708,1692,740">
<area shape="rect" href="mvnortpcprb.html" title="mvnortpcprb" alt="" coords="878,708,965,740">
<area shape="rect" href="nt2fr.html" title="nt2fr" alt="" coords="814,708,862,740">
<area shape="rect" href="Readme.html" title="Readme" alt="" coords="734,708,798,740">
<area shape="rect" href="rind.html" title="rind" alt="" coords="726,1530,773,1562">
<area shape="rect" href="spec2AcAt.html" title="spec2AcAt" alt="" coords="640,708,718,740">
<area shape="rect" href="spec2Acdf.html" title="spec2Acdf" alt="" coords="1043,1119,1119,1151">
<area shape="rect" href="spec2tpdf2.html" title="spec2tpdf2" alt="" coords="612,1119,690,1151">
<area shape="rect" href="specq2lc.html" title="specq2lc" alt="" coords="1669,1119,1734,1151">
<area shape="rect" href="th2vhpdf.html" title="th2vhpdf" alt="" coords="997,1530,1064,1562">
<area shape="rect" href="trmak.html" title="trmak" alt="" coords="571,708,625,740">
<area shape="rect" href="trunmak.html" title="trunmak" alt="" coords="1001,2352,1065,2384">
<area shape="rect" href="../../wafo/graph.html" alt="" coords="2006,1763,2068,2105">
<area shape="rect" href="../../wafo/cycles/graph.html" alt="" coords="1823,1763,1890,2105">
<area shape="rect" href="../../wafo/kdetools/graph.html" alt="" coords="1823,1352,1903,1695">
<area shape="rect" href="../../wafo/misc/graph.html" alt="" coords="1823,2173,1885,2516">
<area shape="rect" href="../../wafo/onedim/graph.html" alt="" coords="305,941,378,1283">
<area shape="rect" href="../../wafo/papers/rec/graph.html" alt="" coords="982,51,1044,393">
<area shape="rect" href="../../wafo/papers/tutorcom/graph.html" alt="" coords="476,530,557,873">
<area shape="rect" href="../../wafo/papers/wafodemo/graph.html" alt="" coords="378,530,468,873">
<area shape="rect" href="../../wafo/spec/graph.html" alt="" coords="2343,1352,2405,1695">
<area shape="rect" href="../../wafo/trgauss/private/graph.html" alt="" coords="2468,1763,2578,2105">
<area shape="rect" href="../../wafo/wavemodels/graph.html" alt="" coords="385,941,484,1283">
<area shape="rect" href="../../wafo/wdemos/itmkurs/graph.html" alt="" coords="1823,530,1898,873">
<area shape="rect" href="../../wafo/wsim/graph.html" alt="" coords="1851,941,1915,1283">
<area shape="rect" href="../../wafo/wstats/graph.html" alt="" coords="1898,1763,1967,2105">
<area shape="rect" href="index.html" title="trgauss" alt="" coords="564,439,1816,2516">
