<area shape="rect" href="../../../wafo/cycles/graph.html" title="cycles" alt="" coords="383,233,458,278">
<area shape="rect" href="../../../wafo/wsim/graph.html" title="wsim" alt="" coords="203,37,273,82">
<area shape="rect" href="rfc2load_fat.html" title="rfc2load_fat" alt="" coords="179,142,297,188">
<area shape="rect" href="comb2pro.html" title="comb2pro" alt="" coords="28,323,131,369">
<area shape="rect" href="fr2comb.html" title="fr2comb" alt="" coords="261,323,351,369">
<area shape="rect" href="fr2nt.html" title="fr2nt" alt="" coords="272,414,340,459">
<area shape="rect" href="fr2res.html" title="fr2res" alt="" coords="171,233,244,278">
<area shape="rect" href="getulcc.html" title="getulcc" alt="" coords="154,323,237,369">
<area shape="rect" href="../../../wafo/cycles/graph.html" alt="" coords="371,213,468,288">
<area shape="rect" href="../../../wafo/wsim/graph.html" alt="" coords="193,17,285,92">
<area shape="rect" href="index.html" title="wsim/private" alt="" coords="17,102,361,469">
