<area shape="rect" href="../../wafo/misc/graph.html" title="misc" alt="" coords="573,680,613,707">
<area shape="rect" href="../../wafo/multidim/private/graph.html" title="multidim/private" alt="" coords="573,435,659,461">
<area shape="rect" href="../../wafo/onedim/graph.html" title="onedim" alt="" coords="677,435,725,461">
<area shape="rect" href="../../wafo/spec/graph.html" title="spec" alt="" coords="743,435,782,461">
<area shape="rect" href="fourier.html" title="fourier" alt="" coords="434,435,481,461">
<area shape="rect" href="Contents.html" title="Contents" alt="" coords="500,189,556,215">
<area shape="rect" href="dat2dspec.html" title="dat2dspec" alt="" coords="16,189,76,215">
<area shape="rect" href="specoptset.html" title="specoptset" alt="" coords="494,435,556,461">
<area shape="rect" href="tran.html" title="tran" alt="" coords="248,435,288,461">
<area shape="rect" href="dspec2spreading.html" title="dspec2spreading" alt="" coords="338,189,424,215">
<area shape="rect" href="ratio.html" title="ratio" alt="" coords="282,680,322,707">
<area shape="rect" href="sensortype.html" title="sensortype" alt="" coords="262,189,324,215">
<area shape="rect" href="sensortypeid.html" title="sensortypeid" alt="" coords="199,680,269,707">
<area shape="rect" href="testbuoy.html" title="testbuoy" alt="" coords="194,189,248,215">
<area shape="rect" href="testmeasurements.html" title="testmeasurements" alt="" coords="89,189,181,215">
<area shape="rect" href="testsurf.html" title="testsurf" alt="" coords="437,189,487,215">
<area shape="rect" href="../../wafo/misc/graph.html" alt="" coords="567,577,618,782">
<area shape="rect" href="../../wafo/multidim/private/graph.html" alt="" coords="567,332,665,536">
<area shape="rect" href="../../wafo/onedim/graph.html" alt="" coords="671,332,731,536">
<area shape="rect" href="../../wafo/spec/graph.html" alt="" coords="737,332,788,536">
<area shape="rect" href="index.html" title="multidim" alt="" coords="10,31,561,782">
