<area shape="rect" href="../../wafo/papers/tutorcom/graph.html" title="tutorcom" alt="" coords="45,113,82,130">
<area shape="rect" href="sea.html" title="sea" alt="" coords="51,351,76,368">
<area shape="rect" href="../../wafo/wdemos/itmkurs/graph.html" title="itmkurs" alt="" coords="117,113,150,130">
<area shape="rect" href="sn.html" title="sn" alt="" coords="120,351,146,368">
<area shape="rect" href="atlantic.html" title="atlantic" alt="" coords="416,351,448,368">
<area shape="rect" href="Contents.html" title="Contents" alt="" coords="371,351,407,368">
<area shape="rect" href="gfaks89.html" title="gfaks89" alt="" coords="329,351,362,368">
<area shape="rect" href="gfaksr89.html" title="gfaksr89" alt="" coords="285,351,320,368">
<area shape="rect" href="japansea.html" title="japansea" alt="" coords="240,351,276,368">
<area shape="rect" href="northsea.html" title="northsea" alt="" coords="196,351,231,368">
<area shape="rect" href="readme.html" title="readme" alt="" coords="155,351,187,368">
<area shape="rect" href="sfa89.html" title="sfa89" alt="" coords="85,351,112,368">
<area shape="rect" href="yura87.html" title="yura87" alt="" coords="10,351,42,368">
<area shape="rect" href="../../wafo/papers/tutorcom/graph.html" alt="" coords="41,25,85,195">
<area shape="rect" href="../../wafo/wdemos/itmkurs/graph.html" alt="" coords="113,25,153,195">
<area shape="rect" href="index.html" title="data" alt="" coords="7,218,451,433">
