<area shape="rect" href="../../../wafo/graph.html" title="wafo" alt="" coords="395,1079,431,1103">
<area shape="rect" href="../../../wafo/cycles/graph.html" title="cycles" alt="" coords="961,691,1001,715">
<area shape="rect" href="../../../wafo/kdetools/graph.html" title="kdetools" alt="" coords="1017,691,1065,715">
<area shape="rect" href="../../../wafo/markov/graph.html" title="markov" alt="" coords="1219,691,1263,715">
<area shape="rect" href="../../../wafo/misc/graph.html" title="misc" alt="" coords="910,691,945,715">
<area shape="rect" href="../../../wafo/onedim/graph.html" title="onedim" alt="" coords="336,1079,380,1103">
<area shape="rect" href="../../../wafo/spec/graph.html" title="spec" alt="" coords="813,1079,848,1103">
<area shape="rect" href="../../../wafo/trgauss/graph.html" title="trgauss" alt="" coords="1081,691,1125,715">
<area shape="rect" href="../../../wafo/wsim/graph.html" title="wsim" alt="" coords="447,1079,484,1103">
<area shape="rect" href="../../../wafo/wstats/graph.html" title="wstats" alt="" coords="1162,691,1203,715">
<area shape="rect" href="Contents.html" title="Contents" alt="" coords="844,304,894,328">
<area shape="rect" href="wafocleanup.html" title="wafocleanup" alt="" coords="767,304,832,328">
<area shape="rect" href="wafodemo.html" title="wafodemo" alt="" coords="135,304,191,328">
<area shape="rect" href="wafointro.html" title="wafointro" alt="" coords="449,691,502,715">
<area shape="rect" href="wafofig.html" title="wafofig" alt="" coords="77,304,123,328">
<area shape="rect" href="wafoinit.html" title="wafoinit" alt="" coords="389,691,437,715">
<area shape="rect" href="wafofig1.html" title="wafofig1" alt="" coords="15,304,65,328">
<area shape="rect" href="wafofig10.html" title="wafofig10" alt="" coords="203,304,259,328">
<area shape="rect" href="wafofig2.html" title="wafofig2" alt="" coords="519,304,569,328">
<area shape="rect" href="wafofig3.html" title="wafofig3" alt="" coords="395,304,445,328">
<area shape="rect" href="wafofig4.html" title="wafofig4" alt="" coords="581,304,631,328">
<area shape="rect" href="wafofig5.html" title="wafofig5" alt="" coords="271,304,321,328">
<area shape="rect" href="wafofig6.html" title="wafofig6" alt="" coords="333,304,383,328">
<area shape="rect" href="wafofig7.html" title="wafofig7" alt="" coords="643,304,693,328">
<area shape="rect" href="wafofig8.html" title="wafofig8" alt="" coords="705,304,755,328">
<area shape="rect" href="wafofig9.html" title="wafofig9" alt="" coords="457,304,507,328">
<area shape="rect" href="../../../wafo/graph.html" alt="" coords="390,907,436,1230">
<area shape="rect" href="../../../wafo/cycles/graph.html" alt="" coords="956,520,1006,843">
<area shape="rect" href="../../../wafo/kdetools/graph.html" alt="" coords="1011,520,1071,843">
<area shape="rect" href="../../../wafo/markov/graph.html" alt="" coords="1213,520,1269,843">
<area shape="rect" href="../../../wafo/misc/graph.html" alt="" coords="904,520,951,843">
<area shape="rect" href="../../../wafo/onedim/graph.html" alt="" coords="331,907,385,1230">
<area shape="rect" href="../../../wafo/spec/graph.html" alt="" coords="807,907,854,1230">
<area shape="rect" href="../../../wafo/trgauss/graph.html" alt="" coords="1076,520,1130,843">
<area shape="rect" href="../../../wafo/wsim/graph.html" alt="" coords="442,907,489,1230">
<area shape="rect" href="../../../wafo/wstats/graph.html" alt="" coords="1157,520,1208,843">
<area shape="rect" href="index.html" title="wafodemo" alt="" coords="9,47,899,843">
