<area shape="rect" href="../../wafo/graph.html" title="wafo" alt="" coords="180,791,221,818">
<area shape="rect" href="../../wafo/cycles/graph.html" title="cycles" alt="" coords="105,115,150,142">
<area shape="rect" href="cmat2dam.html" title="cmat2dam" alt="" coords="96,364,159,391">
<area shape="rect" href="cmat2dmat.html" title="cmat2dmat" alt="" coords="241,364,308,391">
<area shape="rect" href="../../wafo/misc/graph.html" title="misc" alt="" coords="793,577,834,605">
<area shape="rect" href="../../wafo/papers/tutorcom/graph.html" title="tutorcom" alt="" coords="241,115,298,142">
<area shape="rect" href="cc2dam.html" title="cc2dam" alt="" coords="322,364,375,391">
<area shape="rect" href="ftf.html" title="ftf" alt="" coords="582,364,623,391">
<area shape="rect" href="snplot.html" title="snplot" alt="" coords="389,364,434,391">
<area shape="rect" href="../../wafo/spec/graph.html" title="spec" alt="" coords="852,577,894,605">
<area shape="rect" href="../../wafo/wdemos/graph.html" title="wdemos" alt="" coords="317,115,373,142">
<area shape="rect" href="../../wafo/wdemos/itmkurs/graph.html" title="itmkurs" alt="" coords="391,115,443,142">
<area shape="rect" href="spec2dplus.html" title="spec2dplus" alt="" coords="708,364,775,391">
<area shape="rect" href="Contents.html" title="Contents" alt="" coords="510,364,568,391">
<area shape="rect" href="damint.html" title="damint" alt="" coords="448,364,497,391">
<area shape="rect" href="down2cc.html" title="down2cc" alt="" coords="172,577,229,605">
<area shape="rect" href="lc2dplus.html" title="lc2dplus" alt="" coords="173,364,228,391">
<area shape="rect" href="roadspec.html" title="roadspec" alt="" coords="637,364,694,391">
<area shape="rect" href="sphdam.html" title="sphdam" alt="" coords="16,364,68,391">
<area shape="rect" href="../../wafo/graph.html" alt="" coords="174,703,227,881">
<area shape="rect" href="../../wafo/cycles/graph.html" alt="" coords="99,28,156,206">
<area shape="rect" href="../../wafo/misc/graph.html" alt="" coords="787,491,840,668">
<area shape="rect" href="../../wafo/papers/tutorcom/graph.html" alt="" coords="235,28,305,206">
<area shape="rect" href="../../wafo/spec/graph.html" alt="" coords="846,491,900,668">
<area shape="rect" href="../../wafo/wdemos/graph.html" alt="" coords="311,28,379,206">
<area shape="rect" href="../../wafo/wdemos/itmkurs/graph.html" alt="" coords="385,28,449,206">
<area shape="rect" href="index.html" title="damage" alt="" coords="10,229,781,668">
